I'm sorry, but errors were detected in your script. Please correct the
errors listed below, and try again.


File "game/screens.rpy", line 219: Indentation mismatch.
    else:

Ren'Py Version: Ren'Py 8.4.1.25072401
Fri Jun 19 12:23:33 2026
